// Vitest Snapshot v1, https://vitest.dev/guide/snapshot.html

exports[`DataTable Component > deve corresponder ao snapshot 1`] = `
<div>
  <div
    class="space-y-4"
  >
    <div
      class="flex items-center justify-between"
    >
      <div
        class="flex items-center gap-3"
      >
        <div
          class="relative w-64"
        >
          <svg
            class="lucide lucide-search absolute left-3 top-1/2 transform -translate-y-1/2 text-muted-foreground w-4 h-4"
            fill="none"
            height="24"
            stroke="currentColor"
            stroke-linecap="round"
            stroke-linejoin="round"
            stroke-width="2"
            viewBox="0 0 24 24"
            width="24"
            xmlns="http://www.w3.org/2000/svg"
          >
            <circle
              cx="11"
              cy="11"
              r="8"
            />
            <path
              d="m21 21-4.3-4.3"
            />
          </svg>
          <input
            class="flex h-10 w-full rounded-md border-input px-3 py-2 text-base ring-offset-background file:border-0 file:bg-transparent file:text-sm file:font-medium file:text-foreground placeholder:text-muted-foreground focus-visible:outline-none focus-visible:ring-offset-2 disabled:cursor-not-allowed disabled:opacity-50 md:text-sm pl-10 bg-muted/50 border-0 focus-visible:ring-1 focus-visible:ring-primary"
            placeholder="Buscar..."
            value=""
          />
        </div>
      </div>
    </div>
    <div
      class="rounded-lg border border-border/50 bg-card shadow-card overflow-hidden"
    >
      <div
        class="relative w-full overflow-auto"
      >
        <table
          class="w-full caption-bottom text-sm"
        >
          <thead
            class="[&_tr]:border-b"
          >
            <tr
              class="border-b transition-colors data-[state=selected]:bg-muted bg-muted/50 hover:bg-muted/60"
            >
              <th
                class="h-12 px-4 text-left align-middle text-muted-foreground [&:has([role=checkbox])]:pr-0 font-semibold"
              >
                Nome
              </th>
              <th
                class="h-12 px-4 text-left align-middle text-muted-foreground [&:has([role=checkbox])]:pr-0 font-semibold"
              >
                Status
              </th>
            </tr>
          </thead>
          <tbody
            class="[&_tr:last-child]:border-0"
          >
            <tr
              class="border-b data-[state=selected]:bg-muted hover:bg-muted/30 transition-colors border-border/50"
            >
              <td
                class="p-4 align-middle [&:has([role=checkbox])]:pr-0"
              >
                Item 1
              </td>
              <td
                class="p-4 align-middle [&:has([role=checkbox])]:pr-0"
              >
                active
              </td>
            </tr>
            <tr
              class="border-b data-[state=selected]:bg-muted hover:bg-muted/30 transition-colors border-border/50"
            >
              <td
                class="p-4 align-middle [&:has([role=checkbox])]:pr-0"
              >
                Item 2
              </td>
              <td
                class="p-4 align-middle [&:has([role=checkbox])]:pr-0"
              >
                inactive
              </td>
            </tr>
          </tbody>
        </table>
      </div>
    </div>
    <div
      class="text-sm text-muted-foreground"
    >
      Mostrando 
      2
       de 
      2
       registros
    </div>
  </div>
</div>
`;
